Using pre-set license
Built from '2020.3/staging' branch; Version is '2020.3.19f1 (68f137dc9bbe) revision 6877495'; Using compiler version '192528614'; Build Type 'Release'
OS: 'Windows 10 Home Single Language; OS build 22000.194; Version 2009; 64bit' Language: 'en' Physical Memory: 8059 MB
BatchMode: 1, IsHumanControllingUs: 0, StartBugReporterOnCrash: 0, Is64bit: 1, IsPro: 0

COMMAND LINE ARGUMENTS:
C:\Program Files\Unity\Hub\Editor\2020.3.19f1\Editor\Unity.exe
-adb2
-batchMode
-noUpm
-name
AssetImportWorker0
-projectPath
C:/Users/HRIDAY SHINDE/Desktop/FPS-Game-Tutorial-master/FPS Game
-logFile
Logs/AssetImportWorker0.log
-srvPort
55017
Successfully changed project path to: C:/Users/HRIDAY SHINDE/Desktop/FPS-Game-Tutorial-master/FPS Game
C:/Users/HRIDAY SHINDE/Desktop/FPS-Game-Tutorial-master/FPS Game
Using Asset Import Pipeline V2.
Refreshing native plugins compatible for Editor in 36.78 ms, found 2 plugins.
Preloading 0 native plugins for Editor in 0.00 ms.
Initialize engine version: 2020.3.19f1 (68f137dc9bbe)
[Subsystems] Discovering subsystems at path C:/Program Files/Unity/Hub/Editor/2020.3.19f1/Editor/Data/Resources/UnitySubsystems
[Subsystems] Discovering subsystems at path C:/Users/HRIDAY SHINDE/Desktop/FPS-Game-Tutorial-master/FPS Game/Assets
GfxDevice: creating device client; threaded=0
Direct3D:
    Version:  Direct3D 11.0 [level 11.1]
    Renderer: NVIDIA GeForce GTX 1650 (ID=0x1f99)
    Vendor:   
    VRAM:     3962 MB
    Driver:   27.21.14.6230
Initialize mono
Mono path[0] = 'C:/Program Files/Unity/Hub/Editor/2020.3.19f1/Editor/Data/Managed'
Mono path[1] = 'C:/Program Files/Unity/Hub/Editor/2020.3.19f1/Editor/Data/MonoBleedingEdge/lib/mono/unityjit'
Mono config path = 'C:/Program Files/Unity/Hub/Editor/2020.3.19f1/Editor/Data/MonoBleedingEdge/etc'
Using monoOptions --debugger-agent=transport=dt_socket,embedding=1,server=y,suspend=n,address=127.0.0.1:56112
Begin MonoManager ReloadAssembly
Registering precompiled unity dll's ...
Register platform support module: C:/Program Files/Unity/Hub/Editor/2020.3.19f1/Editor/Data/PlaybackEngines/WindowsStandaloneSupport/UnityEditor.WindowsStandalone.Extensions.dll
Registered in 0.003069 seconds.
Native extension for WindowsStandalone target not found
Refreshing native plugins compatible for Editor in 30.13 ms, found 2 plugins.
Preloading 0 native plugins for Editor in 0.00 ms.
Mono: successfully reloaded assembly
- Completed reload, in  2.843 seconds
Domain Reload Profiling:
	ReloadAssembly (2843ms)
		BeginReloadAssembly (47ms)
			ExecutionOrderSort (0ms)
			DisableScriptedObjects (0ms)
			BackupInstance (0ms)
			ReleaseScriptingObjects (0ms)
			CreateAndSetChildDomain (1ms)
		EndReloadAssembly (344ms)
			LoadAssemblies (46ms)
			RebuildTransferFunctionScriptingTraits (0ms)
			SetupTypeCache (132ms)
			ReleaseScriptCaches (0ms)
			RebuildScriptCaches (23ms)
			SetupLoadedEditorAssemblies (128ms)
				LogAssemblyErrors (0ms)
				InitializePlatformSupportModulesInManaged (3ms)
				SetLoadedEditorAssemblies (0ms)
				RefreshPlugins (30ms)
				BeforeProcessingInitializeOnLoad (8ms)
				ProcessInitializeOnLoadAttributes (62ms)
				ProcessInitializeOnLoadMethodAttributes (25ms)
				AfterProcessingInitializeOnLoad (0ms)
				EditorAssembliesLoaded (0ms)
			ExecutionOrderSort2 (0ms)
			AwakeInstancesAfterBackupRestoration (0ms)
Platform modules already initialized, skipping
Registering precompiled user dll's ...
Registered in 0.009732 seconds.
Begin MonoManager ReloadAssembly
Native extension for WindowsStandalone target not found
Refreshing native plugins compatible for Editor in 0.37 ms, found 2 plugins.
Preloading 0 native plugins for Editor in 0.00 ms.
Mono: successfully reloaded assembly
- Completed reload, in  0.904 seconds
Domain Reload Profiling:
	ReloadAssembly (905ms)
		BeginReloadAssembly (125ms)
			ExecutionOrderSort (0ms)
			DisableScriptedObjects (3ms)
			BackupInstance (0ms)
			ReleaseScriptingObjects (0ms)
			CreateAndSetChildDomain (16ms)
		EndReloadAssembly (726ms)
			LoadAssemblies (110ms)
			RebuildTransferFunctionScriptingTraits (0ms)
			SetupTypeCache (254ms)
			ReleaseScriptCaches (0ms)
			RebuildScriptCaches (38ms)
			SetupLoadedEditorAssemblies (249ms)
				LogAssemblyErrors (0ms)
				InitializePlatformSupportModulesInManaged (4ms)
				SetLoadedEditorAssemblies (0ms)
				RefreshPlugins (0ms)
				BeforeProcessingInitializeOnLoad (50ms)
				ProcessInitializeOnLoadAttributes (177ms)
				ProcessInitializeOnLoadMethodAttributes (11ms)
				AfterProcessingInitializeOnLoad (5ms)
				EditorAssembliesLoaded (0ms)
			ExecutionOrderSort2 (0ms)
			AwakeInstancesAfterBackupRestoration (5ms)
Platform modules already initialized, skipping
========================================================================
Worker process is ready to serve import requests
Launched and connected shader compiler UnityShaderCompiler.exe after 0.04 seconds
Refreshing native plugins compatible for Editor in 0.38 ms, found 2 plugins.
Preloading 0 native plugins for Editor in 0.00 ms.
Unloading 1748 Unused Serialized files (Serialized files now loaded: 0)
System memory in use before: 155.1 MB.
System memory in use after: 155.2 MB.

Unloading 24 unused Assets to reduce memory usage. Loaded Objects now: 2188.
Total: 2.872200 ms (FindLiveObjects: 0.194400 ms CreateObjectMapping: 0.077500 ms MarkObjects: 2.524300 ms  DeleteObjects: 0.075100 ms)

AssetImportParameters requested are different than current active one (requested -> active):
  custom:framework-win-MediaFoundation: 216162199b28c13a410421893ffa2e32 -> 
  custom:video-decoder-ogg-theora: a1e56fd34408186e4bbccfd4996cb3dc -> 
  custom:container-muxer-webm: aa71ff27fc2769a1b78a27578f13a17b -> 
  custom:container-demuxer-webm: 4f35f7cbe854078d1ac9338744f61a02 -> 
  custom:container-demuxer-ogg: 62fdf1f143b41e24485cea50d1cbac27 -> 
  custom:video-encoder-webm-vp8: eb34c28f22e8b96e1ab97ce403110664 -> 
  custom:video-codec-MediaFoundation-h265: 746d11721c4dcdbdad8f713fa42b33f4 -> 
  custom:video-decoder-webm-vp8: 9c59270c3fd7afecdb556c50c9e8de78 -> 
  custom:audio-decoder-ogg-vorbis: bf7c407c2cedff20999df2af8eb42d56 -> 
  custom:audio-encoder-webm-vorbis: bf7c407c2cedff20999df2af8eb42d56 -> 
========================================================================
Received Import Request.
  path: Assets/Photon/PhotonUnityNetworking/UtilityScripts/Prototyping/ConnectAndJoinRandom.cs
  artifactKey: Guid(5c1b84a427010e0469ce0df07ab64dbc) Importer(815301076,1909f56bfc062723c751e8b465ee728b)
Start importing Assets/Photon/PhotonUnityNetworking/UtilityScripts/Prototyping/ConnectAndJoinRandom.cs using Guid(5c1b84a427010e0469ce0df07ab64dbc) Importer(815301076,1909f56bfc062723c751e8b465ee728b)  -> (artifact id: 'adb972a1f5f2b7b723580406438b9f08') in 0.030714 seconds 
  Import took 0.035912 seconds .

========================================================================
Received Import Request.
  Time since last request: 0.005312 seconds.
  path: Assets/Photon/PhotonUnityNetworking/UtilityScripts/Prototyping/OnClickRpc.cs
  artifactKey: Guid(2cd0ed7420882554fa146aab6aeb2e80) Importer(815301076,1909f56bfc062723c751e8b465ee728b)
Start importing Assets/Photon/PhotonUnityNetworking/UtilityScripts/Prototyping/OnClickRpc.cs using Guid(2cd0ed7420882554fa146aab6aeb2e80) Importer(815301076,1909f56bfc062723c751e8b465ee728b)  -> (artifact id: '7beb48026e80da571581fec332e7f20b') in 0.002051 seconds 
  Import took 0.006069 seconds .

========================================================================
Received Import Request.
  Time since last request: 0.010718 seconds.
  path: Assets/Photon/PhotonUnityNetworking/UtilityScripts/Debugging/PhotonLagSimulationGui.cs
  artifactKey: Guid(5867a53c8db0e6745818285bb6b6e1b9) Importer(815301076,1909f56bfc062723c751e8b465ee728b)
Start importing Assets/Photon/PhotonUnityNetworking/UtilityScripts/Debugging/PhotonLagSimulationGui.cs using Guid(5867a53c8db0e6745818285bb6b6e1b9) Importer(815301076,1909f56bfc062723c751e8b465ee728b)  -> (artifact id: 'bd14f8fab48fe54fd267f71f616aa7b6') in 0.001992 seconds 
  Import took 0.005094 seconds .

========================================================================
Received Import Request.
  Time since last request: 0.003392 seconds.
  path: Assets/Photon/PhotonRealtime/Code/RegionHandler.cs
  artifactKey: Guid(207807222df026f40ac3688a3a051e38) Importer(815301076,1909f56bfc062723c751e8b465ee728b)
Start importing Assets/Photon/PhotonRealtime/Code/RegionHandler.cs using Guid(207807222df026f40ac3688a3a051e38) Importer(815301076,1909f56bfc062723c751e8b465ee728b)  -> (artifact id: '5aa7c72ec358db35066a9432f5f766ba') in 0.002202 seconds 
  Import took 0.005221 seconds .

========================================================================
Received Import Request.
  Time since last request: 0.004795 seconds.
  path: Assets/Photon/PhotonChat/Code/ChatOperationCode.cs
  artifactKey: Guid(c90a2a73f3ce648409739c724d3e6cef) Importer(815301076,1909f56bfc062723c751e8b465ee728b)
Start importing Assets/Photon/PhotonChat/Code/ChatOperationCode.cs using Guid(c90a2a73f3ce648409739c724d3e6cef) Importer(815301076,1909f56bfc062723c751e8b465ee728b)  -> (artifact id: '2b4924caeef4c490c5b3650c81e9e71d') in 0.002098 seconds 
  Import took 0.004908 seconds .

========================================================================
Received Import Request.
  Time since last request: 0.003257 seconds.
  path: Assets/Photon/PhotonChat/Code/ChatAppSettings.cs
  artifactKey: Guid(87776a9b1f405644abcc38ecd70c37fb) Importer(815301076,1909f56bfc062723c751e8b465ee728b)
Start importing Assets/Photon/PhotonChat/Code/ChatAppSettings.cs using Guid(87776a9b1f405644abcc38ecd70c37fb) Importer(815301076,1909f56bfc062723c751e8b465ee728b)  -> (artifact id: '21ed56c137f5f50901b37fcfb123695b') in 0.002609 seconds 
  Import took 0.006509 seconds .

========================================================================
Received Import Request.
  Time since last request: 0.003570 seconds.
  path: Assets/Photon/PhotonRealtime/Code/PhotonPing.cs
  artifactKey: Guid(5a2f6055139b44142954461627d344bc) Importer(815301076,1909f56bfc062723c751e8b465ee728b)
Start importing Assets/Photon/PhotonRealtime/Code/PhotonPing.cs using Guid(5a2f6055139b44142954461627d344bc) Importer(815301076,1909f56bfc062723c751e8b465ee728b)  -> (artifact id: '04c2c2b8ebeac5430692397c090336ef') in 0.001901 seconds 
  Import took 0.004600 seconds .

========================================================================
Received Import Request.
  Time since last request: 0.004535 seconds.
  path: Assets/Photon/PhotonUnityNetworking/Code/Views/PhotonRigidbodyView.cs
  artifactKey: Guid(64179f3720bbfe947b7724caa67b7c1d) Importer(815301076,1909f56bfc062723c751e8b465ee728b)
Start importing Assets/Photon/PhotonUnityNetworking/Code/Views/PhotonRigidbodyView.cs using Guid(64179f3720bbfe947b7724caa67b7c1d) Importer(815301076,1909f56bfc062723c751e8b465ee728b)  -> (artifact id: '18aac800a760b6358318039314a10364') in 0.003085 seconds 
  Import took 0.007154 seconds .

========================================================================
Received Import Request.
  Time since last request: 0.004565 seconds.
  path: Assets/Photon/PhotonUnityNetworking/Code/Editor/PhotonViewHandler.cs
  artifactKey: Guid(57b538e62a0ca6248bfd354def935e57) Importer(815301076,1909f56bfc062723c751e8b465ee728b)
Start importing Assets/Photon/PhotonUnityNetworking/Code/Editor/PhotonViewHandler.cs using Guid(57b538e62a0ca6248bfd354def935e57) Importer(815301076,1909f56bfc062723c751e8b465ee728b)  -> (artifact id: 'eb37a8b55af457ca6e58980a75ee497e') in 0.001969 seconds 
  Import took 0.004895 seconds .

========================================================================
Received Import Request.
  Time since last request: 0.005371 seconds.
  path: Assets/Photon/PhotonRealtime/Code/LoadbalancingPeer.cs
  artifactKey: Guid(35c989013c977244186e524a4c90dcee) Importer(815301076,1909f56bfc062723c751e8b465ee728b)
Start importing Assets/Photon/PhotonRealtime/Code/LoadbalancingPeer.cs using Guid(35c989013c977244186e524a4c90dcee) Importer(815301076,1909f56bfc062723c751e8b465ee728b)  -> (artifact id: '14d937f82652a3134491338083bf2c09') in 0.002237 seconds 
  Import took 0.005023 seconds .

========================================================================
Received Import Request.
  Time since last request: 0.004292 seconds.
  path: Assets/Photon/PhotonUnityNetworking/Code/PunClasses.cs
  artifactKey: Guid(f40f16a0227e5c14293e269c875c0f9b) Importer(815301076,1909f56bfc062723c751e8b465ee728b)
Start importing Assets/Photon/PhotonUnityNetworking/Code/PunClasses.cs using Guid(f40f16a0227e5c14293e269c875c0f9b) Importer(815301076,1909f56bfc062723c751e8b465ee728b)  -> (artifact id: 'c7cf34ed1a3d869b28d5772a9f50ebf2') in 0.003029 seconds 
  Import took 0.006119 seconds .

========================================================================
Received Import Request.
  Time since last request: 0.004304 seconds.
  path: Assets/Photon/PhotonUnityNetworking/UtilityScripts/PhotonPlayer/PunPlayerScores.cs
  artifactKey: Guid(6b4df3943860f1d45bfe232053a58d80) Importer(815301076,1909f56bfc062723c751e8b465ee728b)
Start importing Assets/Photon/PhotonUnityNetworking/UtilityScripts/PhotonPlayer/PunPlayerScores.cs using Guid(6b4df3943860f1d45bfe232053a58d80) Importer(815301076,1909f56bfc062723c751e8b465ee728b)  -> (artifact id: 'ab8ae2308068b5293598a6882787a8ac') in 0.001970 seconds 
  Import took 0.004866 seconds .

========================================================================
Received Import Request.
  Time since last request: 0.006565 seconds.
  path: Assets/TextMesh Pro/Resources/Shaders/TMP_SDF-Mobile.shader
  artifactKey: Guid(fe393ace9b354375a9cb14cdbbc28be4) Importer(815301076,1909f56bfc062723c751e8b465ee728b)
Start importing Assets/TextMesh Pro/Resources/Shaders/TMP_SDF-Mobile.shader using Guid(fe393ace9b354375a9cb14cdbbc28be4) Importer(815301076,1909f56bfc062723c751e8b465ee728b)  -> (artifact id: '6264cf46a1603559a95f6193a6b10b87') in 0.009573 seconds 
  Import took 0.012193 seconds .

========================================================================
Received Import Request.
  Time since last request: 0.003675 seconds.
  path: Assets/Photon/PhotonChat/Code/ChatUserStatus.cs
  artifactKey: Guid(7db67e7f5face2e42b6daafcaf4e6c82) Importer(815301076,1909f56bfc062723c751e8b465ee728b)
Start importing Assets/Photon/PhotonChat/Code/ChatUserStatus.cs using Guid(7db67e7f5face2e42b6daafcaf4e6c82) Importer(815301076,1909f56bfc062723c751e8b465ee728b)  -> (artifact id: '13134a25e1b42e8baba91cd4f8ce4125') in 0.002088 seconds 
  Import took 0.004574 seconds .

========================================================================
Received Import Request.
  Time since last request: 0.003283 seconds.
  path: Assets/Photon/PhotonChat/Code/ChatChannel.cs
  artifactKey: Guid(35b2a4878e5e99e438c97fbe8dbbd863) Importer(815301076,1909f56bfc062723c751e8b465ee728b)
Start importing Assets/Photon/PhotonChat/Code/ChatChannel.cs using Guid(35b2a4878e5e99e438c97fbe8dbbd863) Importer(815301076,1909f56bfc062723c751e8b465ee728b)  -> (artifact id: 'e70aad4bf89f5534fb9701006d08556f') in 0.001855 seconds 
  Import took 0.004727 seconds .

========================================================================
Received Import Request.
  Time since last request: 0.004012 seconds.
  path: Assets/Photon/PhotonUnityNetworking/Code/Editor/PunSceneSettingsInspector.cs
  artifactKey: Guid(1ad59deacfd0848dcb64a51b0a0eb960) Importer(815301076,1909f56bfc062723c751e8b465ee728b)
Start importing Assets/Photon/PhotonUnityNetworking/Code/Editor/PunSceneSettingsInspector.cs using Guid(1ad59deacfd0848dcb64a51b0a0eb960) Importer(815301076,1909f56bfc062723c751e8b465ee728b)  -> (artifact id: 'a897055399bbd1ee26705f1a8543ed3e') in 0.001901 seconds 
  Import took 0.004228 seconds .

========================================================================
Received Import Request.
  Time since last request: 0.003455 seconds.
  path: Assets/Photon/PhotonUnityNetworking/UtilityScripts/Culling/CullArea.cs
  artifactKey: Guid(dfb1c264fdc576442b2f42c998bed4a2) Importer(815301076,1909f56bfc062723c751e8b465ee728b)
Start importing Assets/Photon/PhotonUnityNetworking/UtilityScripts/Culling/CullArea.cs using Guid(dfb1c264fdc576442b2f42c998bed4a2) Importer(815301076,1909f56bfc062723c751e8b465ee728b)  -> (artifact id: '295d1cbc07d9bb63c6322fa3a310ba5c') in 0.001943 seconds 
  Import took 0.004271 seconds .

========================================================================
Received Import Request.
  Time since last request: 0.004375 seconds.
  path: Assets/Photon/PhotonRealtime/Code/RoomInfo.cs
  artifactKey: Guid(71760b65ad7d5b842942c797a0366fa7) Importer(815301076,1909f56bfc062723c751e8b465ee728b)
Start importing Assets/Photon/PhotonRealtime/Code/RoomInfo.cs using Guid(71760b65ad7d5b842942c797a0366fa7) Importer(815301076,1909f56bfc062723c751e8b465ee728b)  -> (artifact id: '60f6bfe0b92cdc6d4800f1f5f7cb1e0f') in 0.002418 seconds 
  Import took 0.004819 seconds .

========================================================================
Received Import Request.
  Time since last request: 0.003661 seconds.
  path: Assets/Photon/PhotonUnityNetworking/Code/PhotonStreamQueue.cs
  artifactKey: Guid(006991e32d9020c4d896f161318a2bc0) Importer(815301076,1909f56bfc062723c751e8b465ee728b)
Start importing Assets/Photon/PhotonUnityNetworking/Code/PhotonStreamQueue.cs using Guid(006991e32d9020c4d896f161318a2bc0) Importer(815301076,1909f56bfc062723c751e8b465ee728b)  -> (artifact id: '757eadb1906eed9e474037ddce5f61f5') in 0.001929 seconds 
  Import took 0.005085 seconds .

========================================================================
Received Import Request.
  Time since last request: 0.003923 seconds.
  path: Assets/Photon/PhotonRealtime/Code/SupportLogger.cs
  artifactKey: Guid(9b61c60d38639484ebbd7f2100dd3d08) Importer(815301076,1909f56bfc062723c751e8b465ee728b)
Start importing Assets/Photon/PhotonRealtime/Code/SupportLogger.cs using Guid(9b61c60d38639484ebbd7f2100dd3d08) Importer(815301076,1909f56bfc062723c751e8b465ee728b)  -> (artifact id: 'c98dadf7d507be8324aea2b3ac6f3245') in 0.001937 seconds 
  Import took 0.005122 seconds .

========================================================================
Received Import Request.
  Time since last request: 0.003277 seconds.
  path: Assets/Photon/PhotonRealtime/Code/FriendInfo.cs
  artifactKey: Guid(94ba1138c322ea04c8c37cfbcf87f468) Importer(815301076,1909f56bfc062723c751e8b465ee728b)
Start importing Assets/Photon/PhotonRealtime/Code/FriendInfo.cs using Guid(94ba1138c322ea04c8c37cfbcf87f468) Importer(815301076,1909f56bfc062723c751e8b465ee728b)  -> (artifact id: '76ea2c90f7d3c6fdacc17f9c06f9c140') in 0.001890 seconds 
  Import took 0.004837 seconds .

========================================================================
Received Import Request.
  Time since last request: 0.004327 seconds.
  path: Assets/Photon/PhotonUnityNetworking/Code/Editor/ServerSettingsInspector.cs
  artifactKey: Guid(21239ba77ac4b534f958e8617ef13ede) Importer(815301076,1909f56bfc062723c751e8b465ee728b)
Start importing Assets/Photon/PhotonUnityNetworking/Code/Editor/ServerSettingsInspector.cs using Guid(21239ba77ac4b534f958e8617ef13ede) Importer(815301076,1909f56bfc062723c751e8b465ee728b)  -> (artifact id: '0fd30cb5b1505e6a8727c49385421cc6') in 0.002171 seconds 
  Import took 0.005177 seconds .

========================================================================
Received Import Request.
  Time since last request: 0.007977 seconds.
  path: Assets/Scripts/PlayerGroundCheck.cs
  artifactKey: Guid(2495b25e51930244db27896d25970115) Importer(815301076,1909f56bfc062723c751e8b465ee728b)
Start importing Assets/Scripts/PlayerGroundCheck.cs using Guid(2495b25e51930244db27896d25970115) Importer(815301076,1909f56bfc062723c751e8b465ee728b)  -> (artifact id: 'e9ef28077df42d78c99c48bc20e9239c') in 0.002020 seconds 
  Import took 0.004606 seconds .

========================================================================
Received Import Request.
  Time since last request: 0.003322 seconds.
  path: Assets/Photon/PhotonRealtime/Code/AppSettings.cs
  artifactKey: Guid(272beb7315eb9fc4daecafe2ff373baf) Importer(815301076,1909f56bfc062723c751e8b465ee728b)
Start importing Assets/Photon/PhotonRealtime/Code/AppSettings.cs using Guid(272beb7315eb9fc4daecafe2ff373baf) Importer(815301076,1909f56bfc062723c751e8b465ee728b)  -> (artifact id: '48f79ad9c7ffdce81d2fdc98c93934ae') in 0.001902 seconds 
  Import took 0.004319 seconds .

========================================================================
Received Import Request.
  Time since last request: 0.003497 seconds.
  path: Assets/Photon/PhotonUnityNetworking/UtilityScripts/PhotonView/SmoothSyncMovement.cs
  artifactKey: Guid(35144820bcc25444bb8f0fd767d9423e) Importer(815301076,1909f56bfc062723c751e8b465ee728b)
Start importing Assets/Photon/PhotonUnityNetworking/UtilityScripts/PhotonView/SmoothSyncMovement.cs using Guid(35144820bcc25444bb8f0fd767d9423e) Importer(815301076,1909f56bfc062723c751e8b465ee728b)  -> (artifact id: 'e44ce1ec837421b39c9069c0db7bf02f') in 0.002069 seconds 
  Import took 0.004251 seconds .

========================================================================
Received Import Request.
  Time since last request: 0.007565 seconds.
  path: Assets/Materials/redthunder_scar.png
  artifactKey: Guid(b0c3b000afd5b4c4db244008aa38d142) Importer(815301076,1909f56bfc062723c751e8b465ee728b)
Start importing Assets/Materials/redthunder_scar.png using Guid(b0c3b000afd5b4c4db244008aa38d142) Importer(815301076,1909f56bfc062723c751e8b465ee728b)  -> (artifact id: '8ab43325dcc71df224bf998c1dfeee35') in 0.102797 seconds 
  Import took 0.105754 seconds .

========================================================================
Received Import Request.
  Time since last request: 0.004135 seconds.
  path: Assets/Photon/PhotonUnityNetworking/Code/Editor/PhotonViewInspector.cs
  artifactKey: Guid(e73a30c46df19194f873ea7a9ce12753) Importer(815301076,1909f56bfc062723c751e8b465ee728b)
Start importing Assets/Photon/PhotonUnityNetworking/Code/Editor/PhotonViewInspector.cs using Guid(e73a30c46df19194f873ea7a9ce12753) Importer(815301076,1909f56bfc062723c751e8b465ee728b)  -> (artifact id: 'b89a058e8b34b233efa8f4b4c9c0f9f6') in 0.001875 seconds 
  Import took 0.004286 seconds .

========================================================================
Received Import Request.
  Time since last request: 0.003613 seconds.
  path: Assets/Photon/PhotonUnityNetworking/Code/Editor/PunSceneSettings.cs
  artifactKey: Guid(fc3284eace5a64d4bb516df7d7effdb9) Importer(815301076,1909f56bfc062723c751e8b465ee728b)
Start importing Assets/Photon/PhotonUnityNetworking/Code/Editor/PunSceneSettings.cs using Guid(fc3284eace5a64d4bb516df7d7effdb9) Importer(815301076,1909f56bfc062723c751e8b465ee728b)  -> (artifact id: '9af6b593daa4ffec4c7ac52bea33e7a0') in 0.002133 seconds 
  Import took 0.004526 seconds .

========================================================================
Received Import Request.
  Time since last request: 0.007738 seconds.
  path: Assets/Photon/PhotonUnityNetworking/UtilityScripts/Culling/CullingHandler.cs
  artifactKey: Guid(84db789113d4b01418c1becb128c4561) Importer(815301076,1909f56bfc062723c751e8b465ee728b)
Start importing Assets/Photon/PhotonUnityNetworking/UtilityScripts/Culling/CullingHandler.cs using Guid(84db789113d4b01418c1becb128c4561) Importer(815301076,1909f56bfc062723c751e8b465ee728b)  -> (artifact id: 'cf69e1c662232f0156f21f93958b0a27') in 0.002031 seconds 
  Import took 0.004631 seconds .

========================================================================
Received Import Request.
  Time since last request: 0.003960 seconds.
  path: Assets/Photon/PhotonUnityNetworking/UtilityScripts/UI/EventSystemSpawner.cs
  artifactKey: Guid(68187d3cf4c8746aaa64930f1a766a38) Importer(815301076,1909f56bfc062723c751e8b465ee728b)
Start importing Assets/Photon/PhotonUnityNetworking/UtilityScripts/UI/EventSystemSpawner.cs using Guid(68187d3cf4c8746aaa64930f1a766a38) Importer(815301076,1909f56bfc062723c751e8b465ee728b)  -> (artifact id: '6397a258cd48373003aedcf1fa273e1d') in 0.001950 seconds 
  Import took 0.004513 seconds .

========================================================================
Received Import Request.
  Time since last request: 0.003452 seconds.
  path: Assets/Photon/PhotonUnityNetworking/UtilityScripts/UI/TextToggleIsOnTransition.cs
  artifactKey: Guid(ec99d371d7c8e44899ce4b834dfd4d6a) Importer(815301076,1909f56bfc062723c751e8b465ee728b)
Start importing Assets/Photon/PhotonUnityNetworking/UtilityScripts/UI/TextToggleIsOnTransition.cs using Guid(ec99d371d7c8e44899ce4b834dfd4d6a) Importer(815301076,1909f56bfc062723c751e8b465ee728b)  -> (artifact id: '435e101bb46b7d2037b08b828378bb68') in 0.002175 seconds 
  Import took 0.004819 seconds .

========================================================================
Received Import Request.
  Time since last request: 0.019088 seconds.
  path: Assets/UsernameDisplay.cs
  artifactKey: Guid(37a12c545ceb37041bdbf7523fec82df) Importer(815301076,1909f56bfc062723c751e8b465ee728b)
Start importing Assets/UsernameDisplay.cs using Guid(37a12c545ceb37041bdbf7523fec82df) Importer(815301076,1909f56bfc062723c751e8b465ee728b)  -> (artifact id: '66fa0af568bff8a6b8ae0a4e8416cd8c') in 0.001934 seconds 
  Import took 0.004439 seconds .

========================================================================
Received Import Request.
  Time since last request: 0.002606 seconds.
  path: Assets/Scripts/ItemInfo.cs
  artifactKey: Guid(b98b72db6b9733a468449324dc7c6c60) Importer(815301076,1909f56bfc062723c751e8b465ee728b)
Start importing Assets/Scripts/ItemInfo.cs using Guid(b98b72db6b9733a468449324dc7c6c60) Importer(815301076,1909f56bfc062723c751e8b465ee728b)  -> (artifact id: '3050663066c9833143c63442c66ececf') in 0.001986 seconds 
  Import took 0.004303 seconds .

========================================================================
Received Import Request.
  Time since last request: 0.003050 seconds.
  path: Assets/Oclick1.cs
  artifactKey: Guid(835c7d77ef142f84db322861748fafc4) Importer(815301076,1909f56bfc062723c751e8b465ee728b)
Start importing Assets/Oclick1.cs using Guid(835c7d77ef142f84db322861748fafc4) Importer(815301076,1909f56bfc062723c751e8b465ee728b)  -> (artifact id: '612d1f25052b78a4a7b75f57b513acbe') in 0.002095 seconds 
  Import took 0.004346 seconds .

========================================================================
Received Import Request.
  Time since last request: 0.003031 seconds.
  path: Assets/Photon/PhotonLibs/WebSocket/websocket-sharp.dll
  artifactKey: Guid(748eb70bc0d7515498ef73fed155520a) Importer(815301076,1909f56bfc062723c751e8b465ee728b)
Start importing Assets/Photon/PhotonLibs/WebSocket/websocket-sharp.dll using Guid(748eb70bc0d7515498ef73fed155520a) Importer(815301076,1909f56bfc062723c751e8b465ee728b)  -> (artifact id: '84a858f4c0f693baa9e8fee02a913d14') in 0.005199 seconds 
  Import took 0.007863 seconds .

========================================================================
Received Import Request.
  Time since last request: 0.003364 seconds.
  path: Assets/Photon/PhotonRealtime/Code/Room.cs
  artifactKey: Guid(17568a7a5552c09428dd48e73548b8b8) Importer(815301076,1909f56bfc062723c751e8b465ee728b)
Start importing Assets/Photon/PhotonRealtime/Code/Room.cs using Guid(17568a7a5552c09428dd48e73548b8b8) Importer(815301076,1909f56bfc062723c751e8b465ee728b)  -> (artifact id: 'ff6b7bc47bafb5d12fa0186de484521c') in 0.002171 seconds 
  Import took 0.005239 seconds .

========================================================================
Received Import Request.
  Time since last request: 0.003715 seconds.
  path: Assets/Photon/PhotonUnityNetworking/Code/Views/PhotonRigidbody2DView.cs
  artifactKey: Guid(0e7cb724808c322458aa4d15f5035fa9) Importer(815301076,1909f56bfc062723c751e8b465ee728b)
Start importing Assets/Photon/PhotonUnityNetworking/Code/Views/PhotonRigidbody2DView.cs using Guid(0e7cb724808c322458aa4d15f5035fa9) Importer(815301076,1909f56bfc062723c751e8b465ee728b)  -> (artifact id: '9549d72a5007dd8d73983e162c7ed9c3') in 0.001981 seconds 
  Import took 0.004568 seconds .

========================================================================
Received Import Request.
  Time since last request: 0.003402 seconds.
  path: Assets/Photon/PhotonUnityNetworking/Code/Editor/PhotonEditor.cs
  artifactKey: Guid(dabbbed2a74eac44dac281f20d706ba8) Importer(815301076,1909f56bfc062723c751e8b465ee728b)
Start importing Assets/Photon/PhotonUnityNetworking/Code/Editor/PhotonEditor.cs using Guid(dabbbed2a74eac44dac281f20d706ba8) Importer(815301076,1909f56bfc062723c751e8b465ee728b)  -> (artifact id: 'bcfeb9ffa8b432e47f3badb214615b97') in 0.002172 seconds 
  Import took 0.004520 seconds .

========================================================================
Received Import Request.
  Time since last request: 0.004153 seconds.
  path: Assets/Photon/PhotonLibs/Metro/Photon3Unity3D.dll
  artifactKey: Guid(3b5a0a7dce46a13459199d174ad3db3f) Importer(815301076,1909f56bfc062723c751e8b465ee728b)
Start importing Assets/Photon/PhotonLibs/Metro/Photon3Unity3D.dll using Guid(3b5a0a7dce46a13459199d174ad3db3f) Importer(815301076,1909f56bfc062723c751e8b465ee728b)  -> (artifact id: '664e0013848b3b66297f31e73bffb21f') in 0.001947 seconds 
  Import took 0.004327 seconds .

========================================================================
Received Import Request.
  Time since last request: 0.003121 seconds.
  path: Assets/Materials/Materials/redthunder_scar.mat
  artifactKey: Guid(2e85231c424833448ace308e0359ee59) Importer(815301076,1909f56bfc062723c751e8b465ee728b)
Start importing Assets/Materials/Materials/redthunder_scar.mat using Guid(2e85231c424833448ace308e0359ee59) Importer(815301076,1909f56bfc062723c751e8b465ee728b)  -> (artifact id: 'f8deacc691e29d76209b38503b0a3d2a') in 0.043881 seconds 
  Import took 0.046663 seconds .

========================================================================
Received Import Request.
  Time since last request: 0.004849 seconds.
  path: Assets/Photon/PhotonUnityNetworking/UtilityScripts/Prototyping/OnStartDelete.cs
  artifactKey: Guid(f8d56a54ae062da4a87516fb994f4e30) Importer(815301076,1909f56bfc062723c751e8b465ee728b)
Start importing Assets/Photon/PhotonUnityNetworking/UtilityScripts/Prototyping/OnStartDelete.cs using Guid(f8d56a54ae062da4a87516fb994f4e30) Importer(815301076,1909f56bfc062723c751e8b465ee728b)  -> (artifact id: '135cbe7da5c2a47cb7a528921cf02d49') in 0.001981 seconds 
  Import took 0.004189 seconds .

========================================================================
Received Import Request.
  Time since last request: 0.003034 seconds.
  path: Assets/PlayerNameManager.cs
  artifactKey: Guid(d4dd1fbfdcf283d419246bb5a0918bb2) Importer(815301076,1909f56bfc062723c751e8b465ee728b)
Start importing Assets/PlayerNameManager.cs using Guid(d4dd1fbfdcf283d419246bb5a0918bb2) Importer(815301076,1909f56bfc062723c751e8b465ee728b)  -> (artifact id: 'aad33fccdacbd6f5e4fe7e593c94186c') in 0.001921 seconds 
  Import took 0.004238 seconds .

========================================================================
Received Import Request.
  Time since last request: 0.004385 seconds.
  path: Assets/Photon/PhotonChat/Code/ChatPeer.cs
  artifactKey: Guid(3f712805dec728943a668b3bf19dc422) Importer(815301076,1909f56bfc062723c751e8b465ee728b)
Start importing Assets/Photon/PhotonChat/Code/ChatPeer.cs using Guid(3f712805dec728943a668b3bf19dc422) Importer(815301076,1909f56bfc062723c751e8b465ee728b)  -> (artifact id: 'd02c518ac547417fd0f6355a1fe572f3') in 0.002397 seconds 
  Import took 0.005253 seconds .

========================================================================
Received Import Request.
  Time since last request: 0.004154 seconds.
  path: Assets/Photon/PhotonUnityNetworking/Code/Editor/AccountService.cs
  artifactKey: Guid(166dfe22956ef0341b28e18d0499e363) Importer(815301076,1909f56bfc062723c751e8b465ee728b)
Start importing Assets/Photon/PhotonUnityNetworking/Code/Editor/AccountService.cs using Guid(166dfe22956ef0341b28e18d0499e363) Importer(815301076,1909f56bfc062723c751e8b465ee728b)  -> (artifact id: '91bd8720088b42c1099f500ffa8613f0') in 0.001940 seconds 
  Import took 0.004350 seconds .

========================================================================
Received Import Request.
  Time since last request: 0.003495 seconds.
  path: Assets/Photon/PhotonChat/Code/ChatEventCode.cs
  artifactKey: Guid(188e4a680bce12d4cbad8d57a24f7d44) Importer(815301076,1909f56bfc062723c751e8b465ee728b)
Start importing Assets/Photon/PhotonChat/Code/ChatEventCode.cs using Guid(188e4a680bce12d4cbad8d57a24f7d44) Importer(815301076,1909f56bfc062723c751e8b465ee728b)  -> (artifact id: 'f0b150f71eea39afb8f6ba7d21c68e7f') in 0.001985 seconds 
  Import took 0.004872 seconds .

========================================================================
Received Import Request.
  Time since last request: 0.006186 seconds.
  path: Assets/Photon/PhotonRealtime/Code/Player.cs
  artifactKey: Guid(e3e4b5bebc687044b9c6c2803c36be3d) Importer(815301076,1909f56bfc062723c751e8b465ee728b)
Start importing Assets/Photon/PhotonRealtime/Code/Player.cs using Guid(e3e4b5bebc687044b9c6c2803c36be3d) Importer(815301076,1909f56bfc062723c751e8b465ee728b)  -> (artifact id: 'ff4e1ac27d0418015fdeb930db5305df') in 0.002021 seconds 
  Import took 0.004380 seconds .

========================================================================
Received Import Request.
  Time since last request: 0.003779 seconds.
  path: Assets/Photon/PhotonUnityNetworking/Code/Editor/Views/PhotonRigidbody2DViewEditor.cs
  artifactKey: Guid(3a82e8e86b9eecb40ac3f6ebc949f6ef) Importer(815301076,1909f56bfc062723c751e8b465ee728b)
Start importing Assets/Photon/PhotonUnityNetworking/Code/Editor/Views/PhotonRigidbody2DViewEditor.cs using Guid(3a82e8e86b9eecb40ac3f6ebc949f6ef) Importer(815301076,1909f56bfc062723c751e8b465ee728b)  -> (artifact id: '7c17c89f5dccb754c10d66ecdeca6352') in 0.001850 seconds 
  Import took 0.004270 seconds .

========================================================================
Received Import Request.
  Time since last request: 0.003536 seconds.
  path: Assets/TextMesh Pro/Resources/Shaders/TMPro_Properties.cginc
  artifactKey: Guid(3997e2241185407d80309a82f9148466) Importer(815301076,1909f56bfc062723c751e8b465ee728b)
Start importing Assets/TextMesh Pro/Resources/Shaders/TMPro_Properties.cginc using Guid(3997e2241185407d80309a82f9148466) Importer(815301076,1909f56bfc062723c751e8b465ee728b)  -> (artifact id: 'd382814a32d282e81630bdf77589aac7') in 0.004400 seconds 
  Import took 0.007647 seconds .

========================================================================
Received Import Request.
  Time since last request: 0.004687 seconds.
  path: Assets/Photon/PhotonUnityNetworking/Code/ServerSettings.cs
  artifactKey: Guid(9f3758f8f58fdef43803eb9be1df0608) Importer(815301076,1909f56bfc062723c751e8b465ee728b)
Start importing Assets/Photon/PhotonUnityNetworking/Code/ServerSettings.cs using Guid(9f3758f8f58fdef43803eb9be1df0608) Importer(815301076,1909f56bfc062723c751e8b465ee728b)  -> (artifact id: '6f33ad2c7aea61a517c6dcc0e30a5da8') in 0.002259 seconds 
  Import took 0.005067 seconds .

========================================================================
Received Import Request.
  Time since last request: 0.003522 seconds.
  path: Assets/Scripts/SingleShotGun.cs
  artifactKey: Guid(a549d564930c8f045b462dc9d36d84cb) Importer(815301076,1909f56bfc062723c751e8b465ee728b)
Start importing Assets/Scripts/SingleShotGun.cs using Guid(a549d564930c8f045b462dc9d36d84cb) Importer(815301076,1909f56bfc062723c751e8b465ee728b)  -> (artifact id: '161925935ba0cad25e6828106fdc23b9') in 0.001904 seconds 
  Import took 0.004250 seconds .

========================================================================
Received Import Request.
  Time since last request: 0.009512 seconds.
  path: Assets/TextMesh Pro/Resources/Fonts & Materials/LiberationSans SDF.asset
  artifactKey: Guid(8f586378b4e144a9851e7b34d9b748ee) Importer(815301076,1909f56bfc062723c751e8b465ee728b)
Start importing Assets/TextMesh Pro/Resources/Fonts & Materials/LiberationSans SDF.asset using Guid(8f586378b4e144a9851e7b34d9b748ee) Importer(815301076,1909f56bfc062723c751e8b465ee728b)  -> (artifact id: 'f1280cc7be10b532b2897fc8654f95d3') in 0.052175 seconds 
  Import took 0.055213 seconds .

========================================================================
Received Import Request.
  Time since last request: 0.005125 seconds.
  path: Assets/Photon/PhotonChat/Code/ChatDisconnectCause.cs
  artifactKey: Guid(b90b85043f1857f43b94fd00edfc1ef1) Importer(815301076,1909f56bfc062723c751e8b465ee728b)
Start importing Assets/Photon/PhotonChat/Code/ChatDisconnectCause.cs using Guid(b90b85043f1857f43b94fd00edfc1ef1) Importer(815301076,1909f56bfc062723c751e8b465ee728b)  -> (artifact id: '24771d785ac988ffed68a2ecebe9dd90') in 0.002037 seconds 
  Import took 0.004335 seconds .

========================================================================
Received Import Request.
  Time since last request: 0.007738 seconds.
  path: Assets/Photon/PhotonUnityNetworking/Code/Editor/Views/PhotonTransformViewClassicEditor.cs
  artifactKey: Guid(22292ca8ffb574945bedfaf49266672e) Importer(815301076,1909f56bfc062723c751e8b465ee728b)
Start importing Assets/Photon/PhotonUnityNetworking/Code/Editor/Views/PhotonTransformViewClassicEditor.cs using Guid(22292ca8ffb574945bedfaf49266672e) Importer(815301076,1909f56bfc062723c751e8b465ee728b)  -> (artifact id: 'c9996af89abd6f4dc61b98b32a6cc080') in 0.002133 seconds 
  Import took 0.004417 seconds .

========================================================================
Received Import Request.
  Time since last request: 0.004151 seconds.
  path: Assets/Photon/PhotonUnityNetworking/Code/Editor/ReordableList/ReorderableListResources.cs
  artifactKey: Guid(60c609ded101b0a468fb5cf27b31cf27) Importer(815301076,1909f56bfc062723c751e8b465ee728b)
Start importing Assets/Photon/PhotonUnityNetworking/Code/Editor/ReordableList/ReorderableListResources.cs using Guid(60c609ded101b0a468fb5cf27b31cf27) Importer(815301076,1909f56bfc062723c751e8b465ee728b)  -> (artifact id: '8dfb9b88ecce9a77a254d4d2b0d4b022') in 0.001956 seconds 
  Import took 0.004703 seconds .

========================================================================
Received Import Request.
  Time since last request: 0.003293 seconds.
  path: Assets/Photon/PhotonRealtime/Code/PhotonPingClasses.cs
  artifactKey: Guid(d93148764d7961d4a8b8112bd166cf35) Importer(815301076,1909f56bfc062723c751e8b465ee728b)
Start importing Assets/Photon/PhotonRealtime/Code/PhotonPingClasses.cs using Guid(d93148764d7961d4a8b8112bd166cf35) Importer(815301076,1909f56bfc062723c751e8b465ee728b)  -> (artifact id: '90e3e0aee7a4c00d6ec500fb45c5a68f') in 0.002126 seconds 
  Import took 0.004673 seconds .

========================================================================
Received Import Request.
  Time since last request: 0.003116 seconds.
  path: Assets/Images/Square.png
  artifactKey: Guid(cda59d2a6e2e0e9468bae869895136ca) Importer(815301076,1909f56bfc062723c751e8b465ee728b)
Start importing Assets/Images/Square.png using Guid(cda59d2a6e2e0e9468bae869895136ca) Importer(815301076,1909f56bfc062723c751e8b465ee728b)  -> (artifact id: '5260ed9b7cf1ab3ef237f87f3aa2ab4c') in 0.010512 seconds 
  Import took 0.013308 seconds .

========================================================================
Received Import Request.
  Time since last request: 0.004809 seconds.
  path: Assets/Photon/PhotonUnityNetworking/Code/Views/PhotonTransformViewClassic.cs
  artifactKey: Guid(8efc6b1d64977384eb3405357896c656) Importer(815301076,1909f56bfc062723c751e8b465ee728b)
Start importing Assets/Photon/PhotonUnityNetworking/Code/Views/PhotonTransformViewClassic.cs using Guid(8efc6b1d64977384eb3405357896c656) Importer(815301076,1909f56bfc062723c751e8b465ee728b)  -> (artifact id: '09482307003ece5a87f98a1b103027a7') in 0.001985 seconds 
  Import took 0.004547 seconds .

========================================================================
Received Import Request.
  Time since last request: 0.003505 seconds.
  path: Assets/Photon/PhotonLibs/Photon3Unity3D.dll
  artifactKey: Guid(aadb37a20a33632429047acaef43658a) Importer(815301076,1909f56bfc062723c751e8b465ee728b)
Start importing Assets/Photon/PhotonLibs/Photon3Unity3D.dll using Guid(aadb37a20a33632429047acaef43658a) Importer(815301076,1909f56bfc062723c751e8b465ee728b)  -> (artifact id: '27ee87aff5020ad38c8ceac96bb44e44') in 0.001879 seconds 
  Import took 0.004751 seconds .

========================================================================
Received Import Request.
  Time since last request: 0.003799 seconds.
  path: Assets/Photon/PhotonUnityNetworking/UtilityScripts/PhotonPlayer/Editor/PhotonTeamsManagerInspector.cs
  artifactKey: Guid(8cb74f08e3fc52942a0d8557772bf4dc) Importer(815301076,1909f56bfc062723c751e8b465ee728b)
Start importing Assets/Photon/PhotonUnityNetworking/UtilityScripts/PhotonPlayer/Editor/PhotonTeamsManagerInspector.cs using Guid(8cb74f08e3fc52942a0d8557772bf4dc) Importer(815301076,1909f56bfc062723c751e8b465ee728b)  -> (artifact id: 'ad0ee316266714163c6010e1e6c8b8d3') in 0.001966 seconds 
  Import took 0.004793 seconds .

========================================================================
Received Import Request.
  Time since last request: 0.003406 seconds.
  path: Assets/Items/Guns/Rifle.asset
  artifactKey: Guid(faedfac47be255447ae44e48a73a1423) Importer(815301076,1909f56bfc062723c751e8b465ee728b)
Start importing Assets/Items/Guns/Rifle.asset using Guid(faedfac47be255447ae44e48a73a1423) Importer(815301076,1909f56bfc062723c751e8b465ee728b)  -> (artifact id: '6f6aa103f5d5ec62ab0ba1cf35d6557e') in 0.002758 seconds 
  Import took 0.005073 seconds .

========================================================================
Received Import Request.
  Time since last request: 0.003387 seconds.
  path: Assets/Photon/PhotonLibs/WebSocket/SocketWebTcp.cs
  artifactKey: Guid(ac953d6a57a9ea94e96ec689598995d5) Importer(815301076,1909f56bfc062723c751e8b465ee728b)
Start importing Assets/Photon/PhotonLibs/WebSocket/SocketWebTcp.cs using Guid(ac953d6a57a9ea94e96ec689598995d5) Importer(815301076,1909f56bfc062723c751e8b465ee728b)  -> (artifact id: '76759a40f658a60a1f5d5c0b0d5274ea') in 0.002098 seconds 
  Import took 0.004359 seconds .

========================================================================
Received Import Request.
  Time since last request: 0.003255 seconds.
  path: Assets/Photon/PhotonUnityNetworking/UtilityScripts/UI/TextButtonTransition.cs
  artifactKey: Guid(9d234639538a34b8d9e3cc6362a7afd0) Importer(815301076,1909f56bfc062723c751e8b465ee728b)
Start importing Assets/Photon/PhotonUnityNetworking/UtilityScripts/UI/TextButtonTransition.cs using Guid(9d234639538a34b8d9e3cc6362a7afd0) Importer(815301076,1909f56bfc062723c751e8b465ee728b)  -> (artifact id: '6069db419425b2f6926a26f3924e4009') in 0.001890 seconds 
  Import took 0.004795 seconds .

========================================================================
Received Import Request.
  Time since last request: 0.002842 seconds.
  path: Assets/Scripts/Spawnpoint.cs
  artifactKey: Guid(2e155a89eaf18714db65487a1e34b85a) Importer(815301076,1909f56bfc062723c751e8b465ee728b)
Start importing Assets/Scripts/Spawnpoint.cs using Guid(2e155a89eaf18714db65487a1e34b85a) Importer(815301076,1909f56bfc062723c751e8b465ee728b)  -> (artifact id: 'c0cc24fb2fde5814ec86bd4e879bb367') in 0.002591 seconds 
  Import took 0.005007 seconds .

========================================================================
Received Import Request.
  Time since last request: 0.003372 seconds.
  path: Assets/Photon/PhotonUnityNetworking/UtilityScripts/UI/OnPointerOverTooltip.cs
  artifactKey: Guid(ff93154db96e843fbbc5e816ec0d2b48) Importer(815301076,1909f56bfc062723c751e8b465ee728b)
Start importing Assets/Photon/PhotonUnityNetworking/UtilityScripts/UI/OnPointerOverTooltip.cs using Guid(ff93154db96e843fbbc5e816ec0d2b48) Importer(815301076,1909f56bfc062723c751e8b465ee728b)  -> (artifact id: 'a6e5b1255013dcebcd167f2ae238318e') in 0.001883 seconds 
  Import took 0.004705 seconds .

========================================================================
Received Import Request.
  Time since last request: 0.003473 seconds.
  path: Assets/Photon/PhotonChat/Code/ChatParameterCode.cs
  artifactKey: Guid(d7a17b60c85fb30448492e397c58c7ce) Importer(815301076,1909f56bfc062723c751e8b465ee728b)
Start importing Assets/Photon/PhotonChat/Code/ChatParameterCode.cs using Guid(d7a17b60c85fb30448492e397c58c7ce) Importer(815301076,1909f56bfc062723c751e8b465ee728b)  -> (artifact id: '0bd9c7c7a584babd33802f618dec97c5') in 0.002040 seconds 
  Import took 0.004493 seconds .

========================================================================
Received Import Request.
  Time since last request: 0.003477 seconds.
  path: Assets/Resources/PhotonPrefabs/PlayerController.prefab
  artifactKey: Guid(344b29e78c596ad47b6e205062ce74a6) Importer(815301076,1909f56bfc062723c751e8b465ee728b)
Start importing Assets/Resources/PhotonPrefabs/PlayerController.prefab using Guid(344b29e78c596ad47b6e205062ce74a6) Importer(815301076,1909f56bfc062723c751e8b465ee728b)  -> (artifact id: '6daf6072463350fe5bc283d91b52974b') in 0.060312 seconds 
  Import took 0.063280 seconds .

========================================================================
Received Import Request.
  Time since last request: 0.004415 seconds.
  path: Assets/Photon/PhotonUnityNetworking/UtilityScripts/Prototyping/OnEscapeQuit.cs
  artifactKey: Guid(1fbabafd914a48f4eb6108d8d8f43d29) Importer(815301076,1909f56bfc062723c751e8b465ee728b)
Start importing Assets/Photon/PhotonUnityNetworking/UtilityScripts/Prototyping/OnEscapeQuit.cs using Guid(1fbabafd914a48f4eb6108d8d8f43d29) Importer(815301076,1909f56bfc062723c751e8b465ee728b)  -> (artifact id: '4866532ef64bc4712366b2076bb434bf') in 0.001895 seconds 
  Import took 0.004323 seconds .

========================================================================
Received Import Request.
  Time since last request: 0.003417 seconds.
  path: Assets/TextMesh Pro/Resources/Fonts & Materials/LiberationSans SDF - Fallback.asset
  artifactKey: Guid(2e498d1c8094910479dc3e1b768306a4) Importer(815301076,1909f56bfc062723c751e8b465ee728b)
Start importing Assets/TextMesh Pro/Resources/Fonts & Materials/LiberationSans SDF - Fallback.asset using Guid(2e498d1c8094910479dc3e1b768306a4) Importer(815301076,1909f56bfc062723c751e8b465ee728b)  -> (artifact id: 'cce1ea6eabc4d092294fe11ead0b46db') in 0.013411 seconds 
  Import took 0.016174 seconds .

========================================================================
Received Import Request.
  Time since last request: 0.003748 seconds.
  path: Assets/Photon/PhotonRealtime/Code/Extensions.cs
  artifactKey: Guid(3c0464991e33a70498abdd85c150cc59) Importer(815301076,1909f56bfc062723c751e8b465ee728b)
Start importing Assets/Photon/PhotonRealtime/Code/Extensions.cs using Guid(3c0464991e33a70498abdd85c150cc59) Importer(815301076,1909f56bfc062723c751e8b465ee728b)  -> (artifact id: '43399dfa1b425e626c64afc24939074b') in 0.002161 seconds 
  Import took 0.004610 seconds .

========================================================================
Received Import Request.
  Time since last request: 0.003672 seconds.
  path: Assets/Photon/PhotonUnityNetworking/Code/Editor/PhotonEditorUtils.cs
  artifactKey: Guid(607340ca505d53d4f8e785423fac7964) Importer(815301076,1909f56bfc062723c751e8b465ee728b)
Start importing Assets/Photon/PhotonUnityNetworking/Code/Editor/PhotonEditorUtils.cs using Guid(607340ca505d53d4f8e785423fac7964) Importer(815301076,1909f56bfc062723c751e8b465ee728b)  -> (artifact id: 'ce0f6fc3178b828c6f6bf162378a22f0') in 0.002173 seconds 
  Import took 0.004944 seconds .

========================================================================
Received Import Request.
  Time since last request: 0.003306 seconds.
  path: Assets/Photon/PhotonChat/Code/ChannelWellKnownProperties.cs
  artifactKey: Guid(5eb508ffb7b7b0f47882f0087a668283) Importer(815301076,1909f56bfc062723c751e8b465ee728b)
Start importing Assets/Photon/PhotonChat/Code/ChannelWellKnownProperties.cs using Guid(5eb508ffb7b7b0f47882f0087a668283) Importer(815301076,1909f56bfc062723c751e8b465ee728b)  -> (artifact id: '18c4d2fb3adf1e46e3dc08d33668bfe2') in 0.001853 seconds 
  Import took 0.004195 seconds .

========================================================================
Received Import Request.
  Time since last request: 0.005892 seconds.
  path: Assets/Photon/PhotonUnityNetworking/Code/PhotonNetworkPart.cs
  artifactKey: Guid(cbf2b3734a024f842bd50f8738feb400) Importer(815301076,1909f56bfc062723c751e8b465ee728b)
Start importing Assets/Photon/PhotonUnityNetworking/Code/PhotonNetworkPart.cs using Guid(cbf2b3734a024f842bd50f8738feb400) Importer(815301076,1909f56bfc062723c751e8b465ee728b)  -> (artifact id: 'e62d205682909fc67833d6052ceaf589') in 0.002059 seconds 
  Import took 0.004375 seconds .

========================================================================
Received Import Request.
  Time since last request: 0.003652 seconds.
  path: Assets/Photon/PhotonUnityNetworking/UtilityScripts/Prototyping/MoveByKeys.cs
  artifactKey: Guid(99b4daedc5e674a429acdf1e77da6a55) Importer(815301076,1909f56bfc062723c751e8b465ee728b)
Start importing Assets/Photon/PhotonUnityNetworking/UtilityScripts/Prototyping/MoveByKeys.cs using Guid(99b4daedc5e674a429acdf1e77da6a55) Importer(815301076,1909f56bfc062723c751e8b465ee728b)  -> (artifact id: '32a7bb537ca53696c59206aeb8cc1d06') in 0.002962 seconds 
  Import took 0.005856 seconds .

========================================================================
Received Import Request.
  Time since last request: 0.004138 seconds.
  path: Assets/Photon/PhotonRealtime/Code/ConnectionHandler.cs
  artifactKey: Guid(f0b3ce6748186d3468e0dbaecb38b04c) Importer(815301076,1909f56bfc062723c751e8b465ee728b)
Start importing Assets/Photon/PhotonRealtime/Code/ConnectionHandler.cs using Guid(f0b3ce6748186d3468e0dbaecb38b04c) Importer(815301076,1909f56bfc062723c751e8b465ee728b)  -> (artifact id: '8b817df0fedaf2a9579f9d42fdd9fa5b') in 0.002638 seconds 
  Import took 0.005664 seconds .

========================================================================
Received Import Request.
  Time since last request: 0.004500 seconds.
  path: Assets/Photon/PhotonUnityNetworking/UtilityScripts/Debugging/PointedAtGameObjectInfo.cs
  artifactKey: Guid(e6262dd9a9b078c4e8cbd47495aa6d23) Importer(815301076,1909f56bfc062723c751e8b465ee728b)
Start importing Assets/Photon/PhotonUnityNetworking/UtilityScripts/Debugging/PointedAtGameObjectInfo.cs using Guid(e6262dd9a9b078c4e8cbd47495aa6d23) Importer(815301076,1909f56bfc062723c751e8b465ee728b)  -> (artifact id: '495f6bddc9f71f9f704124bf738cf245') in 0.002479 seconds 
  Import took 0.005615 seconds .

========================================================================
Received Import Request.
  Time since last request: 0.003125 seconds.
  path: Assets/Photon/PhotonUnityNetworking/UtilityScripts/Prototyping/OnClickDestroy.cs
  artifactKey: Guid(9dab7328ba500e944a99d62065fba6c0) Importer(815301076,1909f56bfc062723c751e8b465ee728b)
Start importing Assets/Photon/PhotonUnityNetworking/UtilityScripts/Prototyping/OnClickDestroy.cs using Guid(9dab7328ba500e944a99d62065fba6c0) Importer(815301076,1909f56bfc062723c751e8b465ee728b)  -> (artifact id: '4dc1be30b3bbbbc4bea21f036f03ab45') in 0.002659 seconds 
  Import took 0.005009 seconds .

========================================================================
Received Import Request.
  Time since last request: 0.003421 seconds.
  path: Assets/Photon/PhotonUnityNetworking/UtilityScripts/TurnBased/PunTurnManager.cs
  artifactKey: Guid(1a1b3bda60e9e804f87fd1e5d20a885a) Importer(815301076,1909f56bfc062723c751e8b465ee728b)
Start importing Assets/Photon/PhotonUnityNetworking/UtilityScripts/TurnBased/PunTurnManager.cs using Guid(1a1b3bda60e9e804f87fd1e5d20a885a) Importer(815301076,1909f56bfc062723c751e8b465ee728b)  -> (artifact id: 'e7bed4b476f89c62124169edb4436503') in 0.001978 seconds 
  Import took 0.004481 seconds .

========================================================================
Received Import Request.
  Time since last request: 0.004225 seconds.
  path: Assets/Photon/PhotonUnityNetworking/Code/Enums.cs
  artifactKey: Guid(b7962bbdaba2a4940b1341d755abd40d) Importer(815301076,1909f56bfc062723c751e8b465ee728b)
Start importing Assets/Photon/PhotonUnityNetworking/Code/Enums.cs using Guid(b7962bbdaba2a4940b1341d755abd40d) Importer(815301076,1909f56bfc062723c751e8b465ee728b)  -> (artifact id: 'd9bd1e9829ce1e103bbbafc1fe3f218a') in 0.001921 seconds 
  Import took 0.004446 seconds .

========================================================================
Received Import Request.
  Time since last request: 0.003073 seconds.
  path: Assets/Items/Guns/Pistol.asset
  artifactKey: Guid(7d265224a6a25bb449941c374d0946a4) Importer(815301076,1909f56bfc062723c751e8b465ee728b)
Start importing Assets/Items/Guns/Pistol.asset using Guid(7d265224a6a25bb449941c374d0946a4) Importer(815301076,1909f56bfc062723c751e8b465ee728b)  -> (artifact id: '1467f685fe23a8a993912fc8251597f1') in 0.002712 seconds 
  Import took 0.005283 seconds .

========================================================================
Received Import Request.
  Time since last request: 0.003652 seconds.
  path: Assets/Photon/PhotonUnityNetworking/Code/Editor/Views/PhotonTransformViewEditor.cs
  artifactKey: Guid(a8c9ec475ad103b43b901d942ff66e02) Importer(815301076,1909f56bfc062723c751e8b465ee728b)
Start importing Assets/Photon/PhotonUnityNetworking/Code/Editor/Views/PhotonTransformViewEditor.cs using Guid(a8c9ec475ad103b43b901d942ff66e02) Importer(815301076,1909f56bfc062723c751e8b465ee728b)  -> (artifact id: '60c6fcbcfb9cb3173ab18fc552a66c08') in 0.002151 seconds 
  Import took 0.004452 seconds .

========================================================================
Received Import Request.
  Time since last request: 0.003205 seconds.
  path: Assets/Photon/PhotonUnityNetworking/UtilityScripts/PhotonPlayer/PunTeams.cs
  artifactKey: Guid(6587c8104d7524f4280d0a68dd779f27) Importer(815301076,1909f56bfc062723c751e8b465ee728b)
Start importing Assets/Photon/PhotonUnityNetworking/UtilityScripts/PhotonPlayer/PunTeams.cs using Guid(6587c8104d7524f4280d0a68dd779f27) Importer(815301076,1909f56bfc062723c751e8b465ee728b)  -> (artifact id: '64a2683181cd8fe4b7f4cbabb7b0e647') in 0.001944 seconds 
  Import took 0.004204 seconds .

========================================================================
Received Import Request.
  Time since last request: 0.003144 seconds.
  path: Assets/Photon/PhotonUnityNetworking/UtilityScripts/Room/CountdownTimer.cs
  artifactKey: Guid(ffc398cf76e6d458caf303b5fceea504) Importer(815301076,1909f56bfc062723c751e8b465ee728b)
Start importing Assets/Photon/PhotonUnityNetworking/UtilityScripts/Room/CountdownTimer.cs using Guid(ffc398cf76e6d458caf303b5fceea504) Importer(815301076,1909f56bfc062723c751e8b465ee728b)  -> (artifact id: '228bcdf5ebd14bc5199a39fa8ad90a50') in 0.001973 seconds 
  Import took 0.004637 seconds .

========================================================================
Received Import Request.
  Time since last request: 0.003210 seconds.
  path: Assets/Photon/PhotonUnityNetworking/Code/CustomTypes.cs
  artifactKey: Guid(ab517bd36a2b2504b83979fcad45d4a2) Importer(815301076,1909f56bfc062723c751e8b465ee728b)
Start importing Assets/Photon/PhotonUnityNetworking/Code/CustomTypes.cs using Guid(ab517bd36a2b2504b83979fcad45d4a2) Importer(815301076,1909f56bfc062723c751e8b465ee728b)  -> (artifact id: '57732799d782e34e6bfaf178a4d58123') in 0.002201 seconds 
  Import took 0.004886 seconds .

========================================================================
Received Import Request.
  Time since last request: 0.009728 seconds.
  path: Assets/Photon/PhotonUnityNetworking/UtilityScripts/Prototyping/OnClickInstantiate.cs
  artifactKey: Guid(9b79a9b62449de940a073364858c3f9b) Importer(815301076,1909f56bfc062723c751e8b465ee728b)
Start importing Assets/Photon/PhotonUnityNetworking/UtilityScripts/Prototyping/OnClickInstantiate.cs using Guid(9b79a9b62449de940a073364858c3f9b) Importer(815301076,1909f56bfc062723c751e8b465ee728b)  -> (artifact id: '6d3e7bc130c42cd383e666df50327ebf') in 0.002092 seconds 
  Import took 0.004745 seconds .

========================================================================
Received Import Request.
  Time since last request: 0.006132 seconds.
  path: Assets/Photon/PhotonUnityNetworking/UtilityScripts/PhotonPlayer/PhotonTeamsManager.cs
  artifactKey: Guid(8701526de72d8774fa165e66daf050ed) Importer(815301076,1909f56bfc062723c751e8b465ee728b)
Start importing Assets/Photon/PhotonUnityNetworking/UtilityScripts/PhotonPlayer/PhotonTeamsManager.cs using Guid(8701526de72d8774fa165e66daf050ed) Importer(815301076,1909f56bfc062723c751e8b465ee728b)  -> (artifact id: '18172765c8b2746640b0d4403f18334e') in 0.002407 seconds 
  Import took 0.004992 seconds .

========================================================================
Received Import Request.
  Time since last request: 0.005675 seconds.
  path: Assets/Photon/PhotonUnityNetworking/Code/Views/PhotonTransformView.cs
  artifactKey: Guid(627855c7f81362d41938ffe0b1475957) Importer(815301076,1909f56bfc062723c751e8b465ee728b)
Start importing Assets/Photon/PhotonUnityNetworking/Code/Views/PhotonTransformView.cs using Guid(627855c7f81362d41938ffe0b1475957) Importer(815301076,1909f56bfc062723c751e8b465ee728b)  -> (artifact id: '60a46da13b393bd90c42fe1bc9fa735d') in 0.001898 seconds 
  Import took 0.004144 seconds .

========================================================================
Received Import Request.
  Time since last request: 0.003126 seconds.
  path: Assets/Photon/PhotonUnityNetworking/UtilityScripts/Culling/Editor/CullAreaEditor.cs
  artifactKey: Guid(abadaa451a7bff0489078ed9eec61133) Importer(815301076,1909f56bfc062723c751e8b465ee728b)
Start importing Assets/Photon/PhotonUnityNetworking/UtilityScripts/Culling/Editor/CullAreaEditor.cs using Guid(abadaa451a7bff0489078ed9eec61133) Importer(815301076,1909f56bfc062723c751e8b465ee728b)  -> (artifact id: 'aee37830aba78f058813d744294aa0ff') in 0.002232 seconds 
  Import took 0.004749 seconds .

========================================================================
Received Import Request.
  Time since last request: 0.005602 seconds.
  path: Assets/Scripts/PlayerListItem.cs
  artifactKey: Guid(e45e6febc3c33f0479b6acd1345d1a20) Importer(815301076,1909f56bfc062723c751e8b465ee728b)
Start importing Assets/Scripts/PlayerListItem.cs using Guid(e45e6febc3c33f0479b6acd1345d1a20) Importer(815301076,1909f56bfc062723c751e8b465ee728b)  -> (artifact id: 'cf806d6b0a10e0313631438441a76004') in 0.001950 seconds 
  Import took 0.004126 seconds .

========================================================================
Received Import Request.
  Time since last request: 0.003432 seconds.
  path: Assets/Photon/PhotonUnityNetworking/UtilityScripts/Prototyping/OnJoinedInstantiate.cs
  artifactKey: Guid(ed3b5dcba7bf9114cb13fc59e0a71f55) Importer(815301076,1909f56bfc062723c751e8b465ee728b)
Start importing Assets/Photon/PhotonUnityNetworking/UtilityScripts/Prototyping/OnJoinedInstantiate.cs using Guid(ed3b5dcba7bf9114cb13fc59e0a71f55) Importer(815301076,1909f56bfc062723c751e8b465ee728b)  -> (artifact id: '7f46c8728dd52f2b86cbbf544627324b') in 0.001939 seconds 
  Import took 0.004299 seconds .

========================================================================
Received Import Request.
  Time since last request: 0.003068 seconds.
  path: Assets/Photon/PhotonRealtime/Code/Region.cs
  artifactKey: Guid(bddf4f4bde2f8dd46927411229ce1302) Importer(815301076,1909f56bfc062723c751e8b465ee728b)
Start importing Assets/Photon/PhotonRealtime/Code/Region.cs using Guid(bddf4f4bde2f8dd46927411229ce1302) Importer(815301076,1909f56bfc062723c751e8b465ee728b)  -> (artifact id: 'a04ce19b536b3c02d346b8eb019028e7') in 0.001873 seconds 
  Import took 0.004589 seconds .

========================================================================
Received Import Request.
  Time since last request: 0.003220 seconds.
  path: Assets/Photon/PhotonChat/Code/ChatState.cs
  artifactKey: Guid(8f482d8c4fe7ade4cbb08eb4a2d83b39) Importer(815301076,1909f56bfc062723c751e8b465ee728b)
Start importing Assets/Photon/PhotonChat/Code/ChatState.cs using Guid(8f482d8c4fe7ade4cbb08eb4a2d83b39) Importer(815301076,1909f56bfc062723c751e8b465ee728b)  -> (artifact id: '68da82f99014a80ddef304bcee1ef9d8') in 0.001934 seconds 
  Import took 0.004416 seconds .

========================================================================
Received Import Request.
  Time since last request: 0.003232 seconds.
  path: Assets/Photon/PhotonChat/Code/ChatClient.cs
  artifactKey: Guid(692e391fa2a297c45b3d530aa85be610) Importer(815301076,1909f56bfc062723c751e8b465ee728b)
Start importing Assets/Photon/PhotonChat/Code/ChatClient.cs using Guid(692e391fa2a297c45b3d530aa85be610) Importer(815301076,1909f56bfc062723c751e8b465ee728b)  -> (artifact id: '2c3740607abeb1d62f5cf51e9bdfe734') in 0.002005 seconds 
  Import took 0.004528 seconds .

========================================================================
Received Import Request.
  Time since last request: 0.003473 seconds.
  path: Assets/Photon/PhotonLibs/WebSocket/WebSocket.cs
  artifactKey: Guid(b1bad04f7805f764dba77f0d4518e0f0) Importer(815301076,1909f56bfc062723c751e8b465ee728b)
Start importing Assets/Photon/PhotonLibs/WebSocket/WebSocket.cs using Guid(b1bad04f7805f764dba77f0d4518e0f0) Importer(815301076,1909f56bfc062723c751e8b465ee728b)  -> (artifact id: '1c45e7f963f44c2d1b231a8488d5ed53') in 0.001940 seconds 
  Import took 0.004508 seconds .

========================================================================
Received Import Request.
  Time since last request: 0.003340 seconds.
  path: Assets/Materials/Spawnpoint.mat
  artifactKey: Guid(3e8ba6fe0ba8fa742a16a68534b827d0) Importer(815301076,1909f56bfc062723c751e8b465ee728b)
Start importing Assets/Materials/Spawnpoint.mat using Guid(3e8ba6fe0ba8fa742a16a68534b827d0) Importer(815301076,1909f56bfc062723c751e8b465ee728b)  -> (artifact id: '579c82b1d931f09d939ef3cd8ab6d593') in 0.008331 seconds 
  Import took 0.010686 seconds .

========================================================================
Received Import Request.
  Time since last request: 0.006594 seconds.
  path: Assets/Photon/PhotonChat/Code/ChannelCreationOptions.cs
  artifactKey: Guid(6c1aa0fceaa2bc14eabdf85976f4e2c8) Importer(815301076,1909f56bfc062723c751e8b465ee728b)
Start importing Assets/Photon/PhotonChat/Code/ChannelCreationOptions.cs using Guid(6c1aa0fceaa2bc14eabdf85976f4e2c8) Importer(815301076,1909f56bfc062723c751e8b465ee728b)  -> (artifact id: '09e416c88c7fc5cd57d7144e9919b3d1') in 0.002026 seconds 
  Import took 0.004496 seconds .

========================================================================
Received Import Request.
  Time since last request: 0.003806 seconds.
  path: Assets/Photon/PhotonUnityNetworking/UtilityScripts/UI/ButtonInsideScrollList.cs
  artifactKey: Guid(e0e8b381f2c05442ca5c01638958156a) Importer(815301076,1909f56bfc062723c751e8b465ee728b)
Start importing Assets/Photon/PhotonUnityNetworking/UtilityScripts/UI/ButtonInsideScrollList.cs using Guid(e0e8b381f2c05442ca5c01638958156a) Importer(815301076,1909f56bfc062723c751e8b465ee728b)  -> (artifact id: 'e8d539f3520dbc146e7bc046f608cd3c') in 0.002011 seconds 
  Import took 0.004259 seconds .

========================================================================
Received Import Request.
  Time since last request: 0.003184 seconds.
  path: Assets/Photon/PhotonUnityNetworking/Code/Editor/Views/PhotonAnimatorViewEditor.cs
  artifactKey: Guid(a3f61bade114730459f7ad45f5f292c1) Importer(815301076,1909f56bfc062723c751e8b465ee728b)
Start importing Assets/Photon/PhotonUnityNetworking/Code/Editor/Views/PhotonAnimatorViewEditor.cs using Guid(a3f61bade114730459f7ad45f5f292c1) Importer(815301076,1909f56bfc062723c751e8b465ee728b)  -> (artifact id: '8cd655f084b8cdd1be38670768b439ab') in 0.002103 seconds 
  Import took 0.004555 seconds .

========================================================================
Received Import Request.
  Time since last request: 0.003495 seconds.
  path: Assets/Photon/PhotonRealtime/Code/LoadBalancingClient.cs
  artifactKey: Guid(f4e65968c7102bf42a77b6a5cade8743) Importer(815301076,1909f56bfc062723c751e8b465ee728b)
Start importing Assets/Photon/PhotonRealtime/Code/LoadBalancingClient.cs using Guid(f4e65968c7102bf42a77b6a5cade8743) Importer(815301076,1909f56bfc062723c751e8b465ee728b)  -> (artifact id: '8826644ba9f7774527ccf768dc98d19c') in 0.001898 seconds 
  Import took 0.004664 seconds .

========================================================================
Received Import Request.
  Time since last request: 0.003756 seconds.
  path: Assets/Photon/PhotonUnityNetworking/Code/Editor/Views/PhotonRigidbodyViewEditor.cs
  artifactKey: Guid(4bcfebc9a2f1074488adedd1fe84e6c9) Importer(815301076,1909f56bfc062723c751e8b465ee728b)
Start importing Assets/Photon/PhotonUnityNetworking/Code/Editor/Views/PhotonRigidbodyViewEditor.cs using Guid(4bcfebc9a2f1074488adedd1fe84e6c9) Importer(815301076,1909f56bfc062723c751e8b465ee728b)  -> (artifact id: '538c1d57bd2d8d4ffb117da3e8543ec9') in 0.002270 seconds 
  Import took 0.004697 seconds .

========================================================================
Received Import Request.
  Time since last request: 0.003293 seconds.
  path: Assets/Photon/PhotonUnityNetworking/UtilityScripts/PhotonPlayer/PlayerNumbering.cs
  artifactKey: Guid(b28dd60f6abf16d4094cf0f642a043e2) Importer(815301076,1909f56bfc062723c751e8b465ee728b)
Start importing Assets/Photon/PhotonUnityNetworking/UtilityScripts/PhotonPlayer/PlayerNumbering.cs using Guid(b28dd60f6abf16d4094cf0f642a043e2) Importer(815301076,1909f56bfc062723c751e8b465ee728b)  -> (artifact id: '7b7d92fde3efeabb9e7e2fa703a228dd') in 0.001930 seconds 
  Import took 0.004563 seconds .

========================================================================
Received Import Request.
  Time since last request: 0.003208 seconds.
  path: Assets/Photon/PhotonUnityNetworking/UtilityScripts/UI/GraphicToggleIsOnTransition.cs
  artifactKey: Guid(195602a009c4b42b6a62e0bdf601b70d) Importer(815301076,1909f56bfc062723c751e8b465ee728b)
Start importing Assets/Photon/PhotonUnityNetworking/UtilityScripts/UI/GraphicToggleIsOnTransition.cs using Guid(195602a009c4b42b6a62e0bdf601b70d) Importer(815301076,1909f56bfc062723c751e8b465ee728b)  -> (artifact id: 'f20d960da2194e25e6f9872bca8e024c') in 0.002088 seconds 
  Import took 0.004557 seconds .

========================================================================
Received Import Request.
  Time since last request: 0.005606 seconds.
  path: Assets/Photon/PhotonUnityNetworking/Code/PhotonHandler.cs
  artifactKey: Guid(177bddf229f8d8445a70c0652f03b7df) Importer(815301076,1909f56bfc062723c751e8b465ee728b)
Start importing Assets/Photon/PhotonUnityNetworking/Code/PhotonHandler.cs using Guid(177bddf229f8d8445a70c0652f03b7df) Importer(815301076,1909f56bfc062723c751e8b465ee728b)  -> (artifact id: '4402acf9250c159407246ad3b6e05d0d') in 0.001932 seconds 
  Import took 0.004406 seconds .

========================================================================
Received Import Request.
  Time since last request: 0.003270 seconds.
  path: Assets/Photon/PhotonUnityNetworking/UtilityScripts/Debugging/PhotonStatsGui.cs
  artifactKey: Guid(d06466c03d263624786afa88b52928b6) Importer(815301076,1909f56bfc062723c751e8b465ee728b)
Start importing Assets/Photon/PhotonUnityNetworking/UtilityScripts/Debugging/PhotonStatsGui.cs using Guid(d06466c03d263624786afa88b52928b6) Importer(815301076,1909f56bfc062723c751e8b465ee728b)  -> (artifact id: 'b4f889833bee2d88730d9c137a4479d3') in 0.002126 seconds 
  Import took 0.004574 seconds .

========================================================================
Received Import Request.
  Time since last request: 0.003350 seconds.
  path: Assets/Photon/PhotonUnityNetworking/Code/PhotonNetwork.cs
  artifactKey: Guid(88e11b3353de7e94d84b1ec5adbdd15e) Importer(815301076,1909f56bfc062723c751e8b465ee728b)
Start importing Assets/Photon/PhotonUnityNetworking/Code/PhotonNetwork.cs using Guid(88e11b3353de7e94d84b1ec5adbdd15e) Importer(815301076,1909f56bfc062723c751e8b465ee728b)  -> (artifact id: 'd00f876b0232b623b7b714ab57aa603f') in 0.001961 seconds 
  Import took 0.004241 seconds .

========================================================================
Received Import Request.
  Time since last request: 0.003203 seconds.
  path: Assets/Photon/PhotonRealtime/Code/WebRpc.cs
  artifactKey: Guid(294b0a24f6c841f48acf4bf696a4d764) Importer(815301076,1909f56bfc062723c751e8b465ee728b)
Start importing Assets/Photon/PhotonRealtime/Code/WebRpc.cs using Guid(294b0a24f6c841f48acf4bf696a4d764) Importer(815301076,1909f56bfc062723c751e8b465ee728b)  -> (artifact id: '458e9b6165c8e9903f5bd87815cd648a') in 0.001942 seconds 
  Import took 0.004732 seconds .

========================================================================
Received Import Request.
  Time since last request: 0.003451 seconds.
  path: Assets/Photon/PhotonUnityNetworking/Code/PhotonView.cs
  artifactKey: Guid(aa584fbee541324448dd18d8409c7a41) Importer(815301076,1909f56bfc062723c751e8b465ee728b)
Start importing Assets/Photon/PhotonUnityNetworking/Code/PhotonView.cs using Guid(aa584fbee541324448dd18d8409c7a41) Importer(815301076,1909f56bfc062723c751e8b465ee728b)  -> (artifact id: '0251215dd0e4baea987e6eff892d8aab') in 0.001874 seconds 
  Import took 0.004342 seconds .

========================================================================
Received Import Request.
  Time since last request: 0.003276 seconds.
  path: Assets/Photon/PhotonUnityNetworking/Code/Editor/PhotonGUI.cs
  artifactKey: Guid(3d2cadb1ccf05074e8ce96b1393846cf) Importer(815301076,1909f56bfc062723c751e8b465ee728b)
Start importing Assets/Photon/PhotonUnityNetworking/Code/Editor/PhotonGUI.cs using Guid(3d2cadb1ccf05074e8ce96b1393846cf) Importer(815301076,1909f56bfc062723c751e8b465ee728b)  -> (artifact id: '23c0aac311f4c910eda4c7e8c9355dac') in 0.002569 seconds 
  Import took 0.004931 seconds .

========================================================================
Received Import Request.
  Time since last request: 0.003126 seconds.
  path: Assets/Photon/PhotonUnityNetworking/UtilityScripts/UI/TabViewManager.cs
  artifactKey: Guid(c94485733838d40fda441b2c0fbbec10) Importer(815301076,1909f56bfc062723c751e8b465ee728b)
Start importing Assets/Photon/PhotonUnityNetworking/UtilityScripts/UI/TabViewManager.cs using Guid(c94485733838d40fda441b2c0fbbec10) Importer(815301076,1909f56bfc062723c751e8b465ee728b)  -> (artifact id: 'a6351ebeff2ff623d9239ffde705c3f6') in 0.001895 seconds 
  Import took 0.004105 seconds .

========================================================================
Received Import Request.
  Time since last request: 0.005857 seconds.
  path: Assets/EffectExamples/Weapon Effects/Textures/MuzzleFlashFront.tif
  artifactKey: Guid(f955971657b85c442a7c56083fd7b440) Importer(815301076,1909f56bfc062723c751e8b465ee728b)
Start importing Assets/EffectExamples/Weapon Effects/Textures/MuzzleFlashFront.tif using Guid(f955971657b85c442a7c56083fd7b440) Importer(815301076,1909f56bfc062723c751e8b465ee728b)  -> (artifact id: 'e393f7690aed707a6618bec30c6ee2ad') in 0.011420 seconds 
  Import took 0.013888 seconds .

========================================================================
Received Import Request.
  Time since last request: 0.006387 seconds.
  path: Assets/Photon/PhotonChat/Code/IChatClientListener.cs
  artifactKey: Guid(bab7c8053b486e34aa0d4ca99dcbec80) Importer(815301076,1909f56bfc062723c751e8b465ee728b)
Start importing Assets/Photon/PhotonChat/Code/IChatClientListener.cs using Guid(bab7c8053b486e34aa0d4ca99dcbec80) Importer(815301076,1909f56bfc062723c751e8b465ee728b)  -> (artifact id: '7406afb349552a7cc0f0bd85cbc424f9') in 0.001939 seconds 
  Import took 0.004539 seconds .

========================================================================
Received Import Request.
  Time since last request: 0.003830 seconds.
  path: Assets/Photon/PhotonUnityNetworking/UtilityScripts/PhotonPlayer/Editor/PunTeamsInspector.cs
  artifactKey: Guid(7dcadaf22424c4f5d82f4d48c3b8097f) Importer(815301076,1909f56bfc062723c751e8b465ee728b)
Start importing Assets/Photon/PhotonUnityNetworking/UtilityScripts/PhotonPlayer/Editor/PunTeamsInspector.cs using Guid(7dcadaf22424c4f5d82f4d48c3b8097f) Importer(815301076,1909f56bfc062723c751e8b465ee728b)  -> (artifact id: '142bc62df425dbcf382b872376139b43') in 0.002285 seconds 
  Import took 0.004674 seconds .

========================================================================
Received Import Request.
  Time since last request: 0.003557 seconds.
  path: Assets/Photon/PhotonUnityNetworking/UtilityScripts/Debugging/StatesGui.cs
  artifactKey: Guid(62880f27e95abf2418fd79e9d9d568b4) Importer(815301076,1909f56bfc062723c751e8b465ee728b)
Start importing Assets/Photon/PhotonUnityNetworking/UtilityScripts/Debugging/StatesGui.cs using Guid(62880f27e95abf2418fd79e9d9d568b4) Importer(815301076,1909f56bfc062723c751e8b465ee728b)  -> (artifact id: 'd381cc9ae0e721cd5bfbf4dc28b9e7c8') in 0.002008 seconds 
  Import took 0.004242 seconds .

========================================================================
Received Import Request.
  Time since last request: 0.002993 seconds.
  path: Assets/Onclick.cs
  artifactKey: Guid(ed983ba34d7960343b80d3ccb42a766d) Importer(815301076,1909f56bfc062723c751e8b465ee728b)
Start importing Assets/Onclick.cs using Guid(ed983ba34d7960343b80d3ccb42a766d) Importer(815301076,1909f56bfc062723c751e8b465ee728b)  -> (artifact id: '98ab40bf3858dea9ff74d200bd465bc7') in 0.002225 seconds 
  Import took 0.004688 seconds .

========================================================================
Received Import Request.
  Time since last request: 0.003209 seconds.
  path: Assets/Photon/PhotonUnityNetworking/UtilityScripts/PhotonPlayer/Editor/PlayerNumberingInspector.cs
  artifactKey: Guid(d6590f39353bf4efdb3b14691166135f) Importer(815301076,1909f56bfc062723c751e8b465ee728b)
Start importing Assets/Photon/PhotonUnityNetworking/UtilityScripts/PhotonPlayer/Editor/PlayerNumberingInspector.cs using Guid(d6590f39353bf4efdb3b14691166135f) Importer(815301076,1909f56bfc062723c751e8b465ee728b)  -> (artifact id: '512def083c63bfb956396042418cfd04') in 0.001914 seconds 
  Import took 0.004169 seconds .

========================================================================
Received Import Request.
  Time since last request: 0.006220 seconds.
  path: Assets/Photon/PhotonUnityNetworking/Code/Views/PhotonAnimatorView.cs
  artifactKey: Guid(9b8c4a61274f60b4ea5fb4299cfdbf14) Importer(815301076,1909f56bfc062723c751e8b465ee728b)
Start importing Assets/Photon/PhotonUnityNetworking/Code/Views/PhotonAnimatorView.cs using Guid(9b8c4a61274f60b4ea5fb4299cfdbf14) Importer(815301076,1909f56bfc062723c751e8b465ee728b)  -> (artifact id: '5c121f76796e98f8bd7ec51e6c994b88') in 0.002015 seconds 
  Import took 0.004324 seconds .

========================================================================
Received Import Request.
  Time since last request: 0.004521 seconds.
  path: Assets/TextMesh Pro/Fonts/LiberationSans.ttf
  artifactKey: Guid(e3265ab4bf004d28a9537516768c1c75) Importer(815301076,1909f56bfc062723c751e8b465ee728b)
Start importing Assets/TextMesh Pro/Fonts/LiberationSans.ttf using Guid(e3265ab4bf004d28a9537516768c1c75) Importer(815301076,1909f56bfc062723c751e8b465ee728b)  -> (artifact id: 'bdddd331c3f1b7826858a8d92db67e39') in 0.021382 seconds 
  Import took 0.023867 seconds .

AssetImportWorkerClient::OnTransportError - code=2 error=End of file
